// Vitest Snapshot v1, https://vitest.dev/guide/snapshot.html

exports[`App > first render 1`] = `"<div><a href=\\"https://vitejs.dev\\" target=\\"_blank\\"><img class=\\"logo\\" alt=\\"Vite logo\\" src=\\"/vite.svg\\"></a><a href=\\"https://react.dev\\" target=\\"_blank\\"><img class=\\"logo react\\" alt=\\"React logo\\" src=\\"/src/assets/react.svg\\"></a></div><h1>Vite + React</h1><div>loading...</div><div class=\\"card\\"><button>count is 0</button><p>Edit <code>src/App.tsx</code> and save to test HMR</p></div><p class=\\"read-the-docs\\">Click on the Vite and React logos to learn more</p>"`;
